node.exe : Failed to 
compile.
At D:\Program Files\no
dejs\npm.ps1:29 char:3
+   & $NODE_EXE 
$NPM_CLI_JS $args
+   ~~~~~~~~~~~~~~~~~~
~~~~~~~~~~~
    + CategoryInfo    
          : NotSpeci  
  fied: (Failed to    
 compile.:String)     
[], RemoteExcepti    
on
    + FullyQualifiedE 
   rrorId : NativeCo  
  mmandError
 

./app/page.tsx
Error:   [31mx[0m 
`ssr: false` is not 
allowed with 
`next/dynamic` in 
Server Components. 
Please move it into a 
Client Component.
    ,-[[36;1;4mE:\Cyb
ersecurity\Apps\TEAAPP
\frontend\app\page.tsx
[0m:3:1]
 [2m 1[0m |     
import dynamic from 
'next/dynamic';
 [2m 2[0m |     
 [2m 3[0m | [35;1m,
[0m[35;1m-[0m[35;1
m>[0m const 
MapComponent = 
dynamic(() => import('
../components/MapCompo
nent'), {
 [2m 4[0m | 
[35;1m|[0m       
ssr: false,
 [2m 5[0m | 
[35;1m|[0m       
loading: () => (
 [2m 6[0m | 
[35;1m|[0m          
 <div className="flex 
items-center 
justify-center 
h-screen">
 [2m 7[0m | 
[35;1m|[0m          
     <div className="t
ext-center">
 [2m 8[0m | 
[35;1m|[0m          
         <div classNam
e="animate-spin 
rounded-full h-32 
w-32 border-b-2 
border-primary 
mx-auto"></div>
 [2m 9[0m | 
[35;1m|[0m          
         <p 
className="mt-4 
text-lg text-muted-for
eground">Loading 
map...</p>
 [2m10[0m | 
[35;1m|[0m          
     </div>
 [2m11[0m | 
[35;1m|[0m          
 </div>
 [2m12[0m | 
[35;1m|[0m       ),
 [2m13[0m | [35;1m`
[0m[35;1m-[0m[35;1
m>[0m });
 [2m14[0m |     
 [2m15[0m |     
export default 
function Home() {
 [2m15[0m |         
console.log("Home 
Page: Rendering");
    `----

Import trace for 
requested module:
./app/page.tsx


> Build failed 
because of webpack 
errors
